Microchip MPLAB XC8 Compiler V2.00 ()

Linker command line:

-W-3 --edf=C:\Program Files (x86)\Microchip\xc8\v2.00\pic\dat\en_msgs.txt \
  -cs -h+dist/default/production\HC-05_module.X.production.sym \
  --cmf=dist/default/production\HC-05_module.X.production.cmf -z -Q18F4550 \
  -oC:\Users\fff\AppData\Local\Temp\s76s.2 --defsym=__MPLAB_BUILD=1 \
  -Mdist/default/production/HC-05_module.X.production.map -E1 -ver=XC8 \
  --acfsm=1493 -ASTACK=099h-07ffh -pstack=STACK -ACODE=00h-07FFFh \
  -ACONST=00h-07FFFh -ASMALLCONST=0800h-08FFhx120 \
  -AMEDIUMCONST=0800h-07FFFh -ACOMRAM=01h-05Fh -AABS1=00h-07FFh \
  -ABIGRAM=01h-07FFh -ARAM=060h-0FFh,0100h-01FFhx7 -ABANK0=060h-0FFh \
  -ABANK1=0100h-01FFh -ABANK2=0200h-02FFh -ABANK3=0300h-03FFh \
  -ABANK4=0400h-04FFh -ABANK5=0500h-05FFh -ABANK6=0600h-06FFh \
  -ABANK7=0700h-07FFh -ASFR=0F60h-0FFFh \
  -preset_vec=00h,intcode,intcodelo,powerup,init -pramtop=0800h \
  -psmallconst=SMALLCONST -pmediumconst=MEDIUMCONST -pconst=CONST \
  -AFARRAM=00h-00h -ACONFIG=0300000h-030000Dh -pconfig=CONFIG \
  -AIDLOC=0200000h-0200007h -pidloc=IDLOC -AEEDATA=0F00000h-0F000FFh \
  -peeprom_data=EEDATA \
  -prdata=COMRAM,nvrram=COMRAM,nvbit=COMRAM,rbss=COMRAM,rbit=COMRAM \
  -pfarbss=FARRAM,fardata=FARRAM,nvFARRAM=FARRAM \
  -pintsave_regs=BIGRAM,bigbss=BIGRAM,bigdata=BIGRAM -pbss=RAM \
  -pidata=CODE,irdata=CODE,ibigdata=CODE,ifardata=CODE -prparam=COMRAM \
  C:\Users\fff\AppData\Local\Temp\s76s.o \
  dist/default/production\HC-05_module.X.production.o 

Object code version is 3.11

Machine type is 18F4550

Call graph: (short form)




                Name                               Link     Load   Length Selector   Space Scale
C:\Users\fff\AppData\Local\Temp\s76s.o
                init                                  0        0        4        0       0
                idloc                            200000   200000        8   200000       0
                config                           300000   300000        E   300000       0
dist/default/production\HC-05_module.X.production.o
                smallconst                          800      800       24      400       0
                text17                             1EFC     1EFC       26      412       0
                text16                             1E6E     1E6E       36      412       0
                text15                             1F4E     1F4E        8      412       0
                text14                              EF2      EF2      33A      412       0
                text13                             1544     1544      2B8      412       0
                text12                              BA2      BA2      350      412       0
                text11                             1CFE     1CFE       DC      412       0
                text10                             199E     199E      140      412       0
                text9                              1BFE     1BFE      100      412       0
                text8                              1DDA     1DDA       94      412       0
                text7                              1F46     1F46        8      412       0
                text6                              1F3A     1F3A        C      412       0
                text5                              1ED2     1ED2       2A      412       0
                text4                              1ADE     1ADE      120      412       0
                text3                              1EA4     1EA4       2E      412       0
                text2                               824      824      37E      412       0
                text1                              122C     122C      318      412       0
                text0                              17FC     17FC      1A2      412       0
                cstackCOMRAM                          1        1       5F        1       1
                cstackBANK0                          60       60       35       60       1
                bssBANK0                             95       95        4       60       1
                cinit                              1F22     1F22       18      412       0

TOTAL           Name                               Link     Load   Length     Space
        CLASS   STACK          

        CLASS   CODE           
                init                                  0        0        4         0
                text17                             1EFC     1EFC       26         0
                text16                             1E6E     1E6E       36         0
                text15                             1F4E     1F4E        8         0
                text14                              EF2      EF2      33A         0
                text13                             1544     1544      2B8         0
                text12                              BA2      BA2      350         0
                text11                             1CFE     1CFE       DC         0
                text10                             199E     199E      140         0
                text9                              1BFE     1BFE      100         0
                text8                              1DDA     1DDA       94         0
                text7                              1F46     1F46        8         0
                text6                              1F3A     1F3A        C         0
                text5                              1ED2     1ED2       2A         0
                text4                              1ADE     1ADE      120         0
                text3                              1EA4     1EA4       2E         0
                text2                               824      824      37E         0
                text1                              122C     122C      318         0
                text0                              17FC     17FC      1A2         0
                cinit                              1F22     1F22       18         0

        CLASS   CONST          

        CLASS   SMALLCONST     
                smallconst                          800      800       24         0

        CLASS   MEDIUMCONST    

        CLASS   COMRAM         
                cstackCOMRAM                          1        1       5F         1

        CLASS   ABS1           

        CLASS   BIGRAM         

        CLASS   RAM            

        CLASS   BANK0          
                cstackBANK0                          60       60       35         1
                bssBANK0                             95       95        4         1

        CLASS   BANK1          

        CLASS   BANK2          

        CLASS   BANK3          

        CLASS   BANK4          

        CLASS   BANK5          

        CLASS   BANK6          

        CLASS   BANK7          

        CLASS   SFR            

        CLASS   FARRAM         

        CLASS   CONFIG         
                config                           300000   300000        E         0

        CLASS   IDLOC          
                idloc                            200000   200000        8         0

        CLASS   EEDATA         



SEGMENTS        Name                           Load    Length   Top    Selector   Space  Class

                reset_vec                      000000  000004  000004         0       0  CODE    
                cstackCOMRAM                   000001  00005F  000060         1       1  COMRAM  
                cstackBANK0                    000060  000039  000099        60       1  BANK0   
                smallconst                     000800  000024  000824       400       0  SMALLCON
                text2                          000824  001732  001F56       412       0  CODE    
                idloc                          200000  000008  200008    200000       0  IDLOC   
                config                         300000  00000E  30000E    300000       0  CONFIG  


UNUSED ADDRESS RANGES

        Name                Unused          Largest block    Delta
        BANK0            000099-0000FF               67
        BANK1            000100-0001FF              100
        BANK2            000200-0002FF              100
        BANK3            000300-0003FF              100
        BANK4            000400-0004FF              100
        BANK5            000500-0005FF              100
        BANK6            000600-0006FF              100
        BANK7            000700-0007FF              100
        BIGRAM           000099-0007FF              767
        CODE             000004-0007FF              7FC
                         001F56-007FFF             60AA
        CONST            000004-0007FF              7FC
                         001F56-007FFF             60AA
        EEDATA           F00000-F000FF              100
        MEDIUMCONST      001F56-007FFF             60AA
        RAM              000099-0007FF              100
        SFR              000F60-000FFF               A0
        SMALLCONST       001F56-007FFF              100
        STACK            000099-0007FF              767

                                  Symbol Table

?___fladd                      cstackCOMRAM 000041
?___fldiv                      cstackCOMRAM 000028
?___flmul                      cstackCOMRAM 00000F
?___flneg                      cstackCOMRAM 000001
?___fltol                      cstackCOMRAM 000055
?___xxtofl                     cstackCOMRAM 000001
?_roundf                       cstackCOMRAM 000055
?_setPeriodTo                  cstackBANK0  000072
GetBitValue@bitPosition        cstackCOMRAM 000003
GetBitValue@n                  cstackCOMRAM 000001
MSdelay@i                      cstackCOMRAM 000003
MSdelay@j                      cstackCOMRAM 000005
MSdelay@val                    cstackCOMRAM 000001
SetDutyCycleTo@Duty_cycle      cstackBANK0  000060
SetDutyCycleTo@PWM10BitValue   cstackBANK0  00006C
SetDutyCycleTo@Period          cstackBANK0  000064
USART_Init@baud_rate           cstackBANK0  000060
USART_Init@temp                cstackBANK0  000064
USART_SendString@out           cstackCOMRAM 000002
USART_TransmitChar@out         cstackCOMRAM 000001
_CCP2CON                       (abs)        000FBA
_CCPR2L                        (abs)        000FBB
_GetBitValue                   text17       001EFC
_LATB                          (abs)        000F8A
_LATD0                         (abs)        007C60
_LATD1                         (abs)        007C61
_LATD2                         (abs)        007C62
_LATD3                         (abs)        007C63
_LATD5                         (abs)        007C65
_LATD6                         (abs)        007C66
_MSdelay                       text16       001E6E
_OSCCON                        (abs)        000FD3
_PR2                           (abs)        000FCB
_PWM_Init                      text15       001F4E
_RCIF                          (abs)        007CF5
_RCREG                         (abs)        000FAE
_RCSTA                         (abs)        000FAB
_SPBRG                         (abs)        000FAF
_SetDutyCycleTo                text9        001BFE
_SetDutyCycleTo$840            cstackBANK0  000068
_T2CON                         (abs)        000FCA
_T2CONbits                     (abs)        000FCA
_TMR2                          (abs)        000FCC
_TRISB                         (abs)        000F93
_TRISC6                        (abs)        007CA6
_TRISC7                        (abs)        007CA7
_TRISCbits                     (abs)        000F94
_TRISD                         (abs)        000F95
_TXIF                          (abs)        007CF4
_TXREG                         (abs)        000FAD
_TXSTA                         (abs)        000FAC
_USART_Init                    text8        001DDA
_USART_ReceiveChar             text7        001F46
_USART_SendString              text5        001ED2
_USART_TransmitChar            text6        001F3A
__CFG_BOR$ON                   (abs)        000000
__CFG_BORV$3                   (abs)        000000
__CFG_CCP2MX$ON                (abs)        000000
__CFG_CP0$OFF                  (abs)        000000
__CFG_CP1$OFF                  (abs)        000000
__CFG_CP2$OFF                  (abs)        000000
__CFG_CP3$OFF                  (abs)        000000
__CFG_CPB$OFF                  (abs)        000000
__CFG_CPD$OFF                  (abs)        000000
__CFG_CPUDIV$OSC1_PLL2         (abs)        000000
__CFG_EBTR0$OFF                (abs)        000000
__CFG_EBTR1$OFF                (abs)        000000
__CFG_EBTR2$OFF                (abs)        000000
__CFG_EBTR3$OFF                (abs)        000000
__CFG_EBTRB$OFF                (abs)        000000
__CFG_FCMEN$OFF                (abs)        000000
__CFG_FOSC$INTOSC_EC           (abs)        000000
__CFG_ICPRT$OFF                (abs)        000000
__CFG_IESO$OFF                 (abs)        000000
__CFG_LPT1OSC$OFF              (abs)        000000
__CFG_LVP$OFF                  (abs)        000000
__CFG_MCLRE$OFF                (abs)        000000
__CFG_PBADEN$OFF               (abs)        000000
__CFG_PLLDIV$1                 (abs)        000000
__CFG_PWRT$OFF                 (abs)        000000
__CFG_STVREN$ON                (abs)        000000
__CFG_USBDIV$1                 (abs)        000000
__CFG_VREGEN$OFF               (abs)        000000
__CFG_WDT$OFF                  (abs)        000000
__CFG_WDTPS$32768              (abs)        000000
__CFG_WRT0$OFF                 (abs)        000000
__CFG_WRT1$OFF                 (abs)        000000
__CFG_WRT2$OFF                 (abs)        000000
__CFG_WRT3$OFF                 (abs)        000000
__CFG_WRTB$OFF                 (abs)        000000
__CFG_WRTC$OFF                 (abs)        000000
__CFG_WRTD$OFF                 (abs)        000000
__CFG_XINST$OFF                (abs)        000000
__HRAM                         (abs)        000000
__Habs1                        abs1         000000
__Hbank0                       bank0        000000
__Hbank1                       bank1        000000
__Hbank2                       bank2        000000
__Hbank3                       bank3        000000
__Hbank4                       bank4        000000
__Hbank5                       bank5        000000
__Hbank6                       bank6        000000
__Hbank7                       bank7        000000
__Hbigbss                      bigbss       000000
__Hbigdata                     bigdata      000000
__Hbigram                      bigram       000000
__Hbss                         bss          000000
__HbssBANK0                    bssBANK0     000000
__Hcinit                       cinit        000000
__Hclrtext                     clrtext      000000
__Hcomram                      comram       000000
__Hconfig                      config       30000E
__Hconst                       const        000000
__HcstackBANK0                 cstackBANK0  000000
__HcstackCOMRAM                cstackCOMRAM 000000
__Hdata                        data         000000
__Heeprom_data                 eeprom_data  000000
__Hfarbss                      farbss       000000
__Hfardata                     fardata      000000
__Hibigdata                    ibigdata     000000
__Hidata                       idata        000000
__Hidloc                       idloc        200008
__Hifardata                    ifardata     000000
__Hinit                        init         000004
__Hintcode                     intcode      000000
__Hintcode_body                intcode_body 000000
__Hintcodelo                   intcodelo    000000
__Hintentry                    intentry     000000
__Hintret                      intret       000000
__Hintsave_regs                intsave_regs 000000
__Hirdata                      irdata       000000
__Hmediumconst                 mediumconst  000000
__HnvFARRAM                    nvFARRAM     000000
__Hnvbit                       nvbit        000000
__Hnvrram                      nvrram       000000
__Hparam                       rparam       000000
__Hpowerup                     powerup      000000
__Hram                         ram          000000
__Hramtop                      ramtop       000800
__Hrbit                        rbit         000000
__Hrbss                        rbss         000000
__Hrdata                       rdata        000000
__Hreset_vec                   reset_vec    000000
__Hrparam                      rparam       000000
__Hsfr                         sfr          000000
__Hsmallconst                  smallconst   000824
__Hspace_0                     (abs)        30000E
__Hspace_1                     (abs)        000099
__Hspace_2                     (abs)        000000
__Hstack                       stack        000000
__Hstruct                      struct       000000
__Htemp                        temp         000000
__Htext                        text         000000
__Htext0                       text0        000000
__Htext1                       text1        000000
__Htext10                      text10       000000
__Htext11                      text11       000000
__Htext12                      text12       000000
__Htext13                      text13       000000
__Htext14                      text14       000000
__Htext15                      text15       000000
__Htext16                      text16       000000
__Htext17                      text17       000000
__Htext2                       text2        000000
__Htext3                       text3        000000
__Htext4                       text4        000000
__Htext5                       text5        000000
__Htext6                       text6        000000
__Htext7                       text7        000000
__Htext8                       text8        000000
__Htext9                       text9        000000
__LRAM                         (abs)        000001
__Labs1                        abs1         000000
__Lbank0                       bank0        000000
__Lbank1                       bank1        000000
__Lbank2                       bank2        000000
__Lbank3                       bank3        000000
__Lbank4                       bank4        000000
__Lbank5                       bank5        000000
__Lbank6                       bank6        000000
__Lbank7                       bank7        000000
__Lbigbss                      bigbss       000000
__Lbigdata                     bigdata      000000
__Lbigram                      bigram       000000
__Lbss                         bss          000000
__LbssBANK0                    bssBANK0     000000
__Lcinit                       cinit        000000
__Lclrtext                     clrtext      000000
__Lcomram                      comram       000000
__Lconfig                      config       300000
__Lconst                       const        000000
__LcstackBANK0                 cstackBANK0  000000
__LcstackCOMRAM                cstackCOMRAM 000000
__Ldata                        data         000000
__Leeprom_data                 eeprom_data  000000
__Lfarbss                      farbss       000000
__Lfardata                     fardata      000000
__Libigdata                    ibigdata     000000
__Lidata                       idata        000000
__Lidloc                       idloc        200000
__Lifardata                    ifardata     000000
__Linit                        init         000000
__Lintcode                     intcode      000000
__Lintcode_body                intcode_body 000000
__Lintcodelo                   intcodelo    000000
__Lintentry                    intentry     000000
__Lintret                      intret       000000
__Lintsave_regs                intsave_regs 000000
__Lirdata                      irdata       000000
__Lmediumconst                 mediumconst  000000
__LnvFARRAM                    nvFARRAM     000000
__Lnvbit                       nvbit        000000
__Lnvrram                      nvrram       000000
__Lparam                       rparam       000000
__Lpowerup                     powerup      000000
__Lram                         ram          000000
__Lramtop                      ramtop       000800
__Lrbit                        rbit         000000
__Lrbss                        rbss         000000
__Lrdata                       rdata        000000
__Lreset_vec                   reset_vec    000000
__Lrparam                      rparam       000000
__Lsfr                         sfr          000000
__Lsmallconst                  smallconst   000800
__Lspace_0                     (abs)        000000
__Lspace_1                     (abs)        000000
__Lspace_2                     (abs)        000000
__Lstack                       stack        000000
__Lstruct                      struct       000000
__Ltemp                        temp         000000
__Ltext                        text         000000
__Ltext0                       text0        000000
__Ltext1                       text1        000000
__Ltext10                      text10       000000
__Ltext11                      text11       000000
__Ltext12                      text12       000000
__Ltext13                      text13       000000
__Ltext14                      text14       000000
__Ltext15                      text15       000000
__Ltext16                      text16       000000
__Ltext17                      text17       000000
__Ltext2                       text2        000000
__Ltext3                       text3        000000
__Ltext4                       text4        000000
__Ltext5                       text5        000000
__Ltext6                       text6        000000
__Ltext7                       text7        000000
__Ltext8                       text8        000000
__Ltext9                       text9        000000
__S0                           (abs)        30000E
__S1                           (abs)        000099
__S2                           (abs)        000000
___fladd                       text14       000EF2
___fladd@a                     cstackCOMRAM 000045
___fladd@aexp                  cstackCOMRAM 000052
___fladd@b                     cstackCOMRAM 000041
___fladd@bexp                  cstackCOMRAM 000053
___fladd@grs                   cstackCOMRAM 000054
___fladd@signs                 cstackCOMRAM 000051
___fldiv                       text13       001544
___fldiv@a                     cstackCOMRAM 00002C
___fldiv@aexp                  cstackCOMRAM 000040
___fldiv@b                     cstackCOMRAM 000028
___fldiv@bexp                  cstackCOMRAM 00003F
___fldiv@grs                   cstackCOMRAM 00003B
___fldiv@new_exp               cstackCOMRAM 000039
___fldiv@rem                   cstackCOMRAM 000034
___fldiv@sign                  cstackCOMRAM 000038
___flge                        text4        001ADE
___flge@ff1                    cstackCOMRAM 000001
___flge@ff2                    cstackCOMRAM 000005
___flmul                       text12       000BA2
___flmul@a                     cstackCOMRAM 000013
___flmul@aexp                  cstackCOMRAM 000020
___flmul@b                     cstackCOMRAM 00000F
___flmul@bexp                  cstackCOMRAM 000021
___flmul@grs                   cstackCOMRAM 00001C
___flmul@prod                  cstackCOMRAM 000022
___flmul@sign                  cstackCOMRAM 00001B
___flmul@temp                  cstackCOMRAM 000026
___flneg                       text3        001EA4
___flneg@f1                    cstackCOMRAM 000001
___fltol                       text11       001CFE
___fltol@exp1                  cstackCOMRAM 00005E
___fltol@f1                    cstackCOMRAM 000055
___fltol@sign1                 cstackCOMRAM 00005D
___inthi_sp                    stack        000000
___intlo_sp                    stack        000000
___param_bank                  (abs)        000000
___rparam_used                 (abs)        000001
___sp                          stack        000000
___xxtofl                      text10       00199E
___xxtofl@arg                  cstackCOMRAM 00000B
___xxtofl@exp                  cstackCOMRAM 00000A
___xxtofl@sign                 cstackCOMRAM 000009
___xxtofl@val                  cstackCOMRAM 000001
__accesstop                    (abs)        000060
__activetblptr                 (abs)        000001
__end_of_GetBitValue           text17       001F22
__end_of_MSdelay               text16       001EA4
__end_of_PWM_Init              text15       001F56
__end_of_SetDutyCycleTo        text9        001CFE
__end_of_USART_Init            text8        001E6E
__end_of_USART_ReceiveChar     text7        001F4E
__end_of_USART_SendString      text5        001EFC
__end_of_USART_TransmitChar    text6        001F46
__end_of___fladd               text14       00122C
__end_of___fldiv               text13       0017FC
__end_of___flge                text4        001BFE
__end_of___flmul               text12       000EF2
__end_of___flneg               text3        001ED2
__end_of___fltol               text11       001DDA
__end_of___xxtofl              text10       001ADE
__end_of__initialization       cinit        001F2C
__end_of_main                  text0        00199E
__end_of_roundf                text2        000BA2
__end_of_setPeriodTo           text1        001544
__end_of_toint                 smallconst   000805
__initialization               cinit        001F22
__mediumconst                  mediumconst  000000
__pbssBANK0                    bssBANK0     000095
__pcinit                       cinit        001F22
__pcstackBANK0                 cstackBANK0  000060
__pcstackCOMRAM                cstackCOMRAM 000001
__psmallconst                  smallconst   000800
__ptext0                       text0        0017FC
__ptext1                       text1        00122C
__ptext10                      text10       00199E
__ptext11                      text11       001CFE
__ptext12                      text12       000BA2
__ptext13                      text13       001544
__ptext14                      text14       000EF2
__ptext15                      text15       001F4E
__ptext16                      text16       001E6E
__ptext17                      text17       001EFC
__ptext2                       text2        000824
__ptext3                       text3        001EA4
__ptext4                       text4        001ADE
__ptext5                       text5        001ED2
__ptext6                       text6        001F3A
__ptext7                       text7        001F46
__ptext8                       text8        001DDA
__ptext9                       text9        001BFE
__ramtop                       ramtop       000800
__size_of_GetBitValue          (abs)        000000
__size_of_MSdelay              (abs)        000000
__size_of_PWM_Init             (abs)        000000
__size_of_SetDutyCycleTo       (abs)        000000
__size_of_USART_Init           (abs)        000000
__size_of_USART_ReceiveChar    (abs)        000000
__size_of_USART_SendString     (abs)        000000
__size_of_USART_TransmitChar   (abs)        000000
__size_of___fladd              (abs)        000000
__size_of___fldiv              (abs)        000000
__size_of___flge               (abs)        000000
__size_of___flmul              (abs)        000000
__size_of___flneg              (abs)        000000
__size_of___fltol              (abs)        000000
__size_of___xxtofl             (abs)        000000
__size_of_main                 (abs)        000000
__size_of_roundf               (abs)        000000
__size_of_setPeriodTo          (abs)        000000
__smallconst                   smallconst   000800
_main                          text0        0017FC
_roundf                        text2        000824
_roundf$841                    cstackBANK0  000066
_roundf$842                    cstackBANK0  000060
_setPeriodTo                   text1        00122C
_setPeriodTo$839               cstackBANK0  000076
_toint                         smallconst   000801
end_of_initialization          cinit        001F2C
intlevel0                      text         000000
intlevel1                      text         000000
intlevel2                      text         000000
intlevel3                      text         000000
main@Duty_Scale                cstackBANK0  000090
main@Period                    cstackBANK0  00008E
main@data_in                   cstackBANK0  000094
main@out                       cstackBANK0  00008C
roundf@F521                    bssBANK0     000095
roundf@e                       cstackBANK0  000064
roundf@u                       cstackBANK0  00006A
roundf@x                       cstackCOMRAM 000055
roundf@y                       cstackBANK0  00006E
setPeriodTo@FOSC               cstackBANK0  00007E
setPeriodTo@FPWM               cstackBANK0  000072
setPeriodTo@TimerPrescaleBits  cstackBANK0  00007A
setPeriodTo@TimerPrescaleValue cstackBANK0  00007C
setPeriodTo@_resolution        cstackBANK0  000088
setPeriodTo@clockSelectBits    cstackBANK0  000082
setPeriodTo@period             cstackBANK0  000084
stackhi                        (abs)        0007FF
stacklo                        (abs)        000099
start                          init         000000
start_initialization           cinit        001F22


FUNCTION INFORMATION:

 *************** function _main *****************
 Defined at:
		line 77 in file "HC-05_Module.c"
 Parameters:    Size  Location     Type
		None
 Auto vars:     Size  Location     Type
  Duty_Scale      4   48[BANK0 ] float 
  Period          2   46[BANK0 ] int 
  out             2   44[BANK0 ] int 
  data_in         1   52[BANK0 ] unsigned char 
 Return value:  Size  Location     Type
                  1    wreg      void 
 Registers used:
		wreg, status,2, status,0, tblptrl, tblptrh, tblptru, prodl, prodh, cstack
 Tracked objects:
		On entry : 
		On exit  : 
		Unchanged: 
 Data sizes:     COMRAM   BANK0   BANK1   BANK2   BANK3   BANK4   BANK5   BANK6   BANK7
      Params:         0       0       0       0       0       0       0       0       0
      Locals:         0       9       0       0       0       0       0       0       0
      Temps:          0       0       0       0       0       0       0       0       0
      Totals:         0       9       0       0       0       0       0       0       0
Total ram usage:        9 bytes
 Hardware stack levels required when called:    3
 This function calls:
		_GetBitValue
		_MSdelay
		_PWM_Init
		_SetDutyCycleTo
		_USART_Init
		_USART_ReceiveChar
		_USART_SendString
		_setPeriodTo
 This function is called by:
		Startup code after reset
 This function uses a non-reentrant model


 *************** function _setPeriodTo *****************
 Defined at:
		line 35 in file "HC-05_Module.c"
 Parameters:    Size  Location     Type
  FPWM            4   18[BANK0 ] unsigned long 
 Auto vars:     Size  Location     Type
  _resolution     4   40[BANK0 ] unsigned long 
  period          4   36[BANK0 ] float 
  FOSC            4   30[BANK0 ] unsigned long 
  clockSelectB    2   34[BANK0 ] int 
  TimerPrescal    2   28[BANK0 ] int 
  TimerPrescal    2   26[BANK0 ] int 
 Return value:  Size  Location     Type
                  2   18[BANK0 ] int 
 Registers used:
		wreg, status,2, status,0, tblptrl, tblptrh, tblptru, prodl, prodh, cstack
 Tracked objects:
		On entry : 
		On exit  : 
		Unchanged: 
 Data sizes:     COMRAM   BANK0   BANK1   BANK2   BANK3   BANK4   BANK5   BANK6   BANK7
      Params:         0       4       0       0       0       0       0       0       0
      Locals:         0      22       0       0       0       0       0       0       0
      Temps:          1       0       0       0       0       0       0       0       0
      Totals:         1      26       0       0       0       0       0       0       0
Total ram usage:       27 bytes
 Hardware stack levels used:    1
 Hardware stack levels required when called:    2
 This function calls:
		___fladd
		___fldiv
		___flmul
		___fltol
		___xxtofl
		_roundf
 This function is called by:
		_main
 This function uses a non-reentrant model


 *************** function _roundf *****************
 Defined at:
		line 12 in file "C:\Program Files (x86)\Microchip\xc8\v2.00\pic\sources\c99\common\roundf.c"
 Parameters:    Size  Location     Type
  x               4   84[COMRAM] float 
 Auto vars:     Size  Location     Type
  y               4   14[BANK0 ] float 
  u               4   10[BANK0 ] struct .
  e               2    4[BANK0 ] int 
 Return value:  Size  Location     Type
                  4   84[COMRAM] float 
 Registers used:
		wreg, status,2, status,0, tblptrl, tblptrh, tblptru, prodl, prodh, cstack
 Tracked objects:
		On entry : 
		On exit  : 
		Unchanged: 
 Data sizes:     COMRAM   BANK0   BANK1   BANK2   BANK3   BANK4   BANK5   BANK6   BANK7
      Params:         4       0       0       0       0       0       0       0       0
      Locals:         0      18       0       0       0       0       0       0       0
      Temps:          4       0       0       0       0       0       0       0       0
      Totals:         8      18       0       0       0       0       0       0       0
Total ram usage:       26 bytes
 Hardware stack levels used:    1
 Hardware stack levels required when called:    1
 This function calls:
		___fladd
		___flge
		___flmul
		___flneg
 This function is called by:
		_setPeriodTo
 This function uses a non-reentrant model


 *************** function ___flneg *****************
 Defined at:
		line 15 in file "C:\Program Files (x86)\Microchip\xc8\v2.00\pic\sources\c99\common\flneg.c"
 Parameters:    Size  Location     Type
  f1              4    0[COMRAM] float 
 Auto vars:     Size  Location     Type
		None
 Return value:  Size  Location     Type
                  4    0[COMRAM] float 
 Registers used:
		wreg, status,2, status,0
 Tracked objects:
		On entry : 
		On exit  : 
		Unchanged: 
 Data sizes:     COMRAM   BANK0   BANK1   BANK2   BANK3   BANK4   BANK5   BANK6   BANK7
      Params:         4       0       0       0       0       0       0       0       0
      Locals:         0       0       0       0       0       0       0       0       0
      Temps:          0       0       0       0       0       0       0       0       0
      Totals:         4       0       0       0       0       0       0       0       0
Total ram usage:        4 bytes
 Hardware stack levels used:    1
 This function calls:
		Nothing
 This function is called by:
		_roundf
 This function uses a non-reentrant model


 *************** function ___flge *****************
 Defined at:
		line 4 in file "C:\Program Files (x86)\Microchip\xc8\v2.00\pic\sources\c99\common\flge.c"
 Parameters:    Size  Location     Type
  ff1             4    0[COMRAM] float 
  ff2             4    4[COMRAM] float 
 Auto vars:     Size  Location     Type
		None
 Return value:  Size  Location     Type
		None               void
 Registers used:
		wreg, status,2, status,0
 Tracked objects:
		On entry : 
		On exit  : 
		Unchanged: 
 Data sizes:     COMRAM   BANK0   BANK1   BANK2   BANK3   BANK4   BANK5   BANK6   BANK7
      Params:         8       0       0       0       0       0       0       0       0
      Locals:         0       0       0       0       0       0       0       0       0
      Temps:          4       0       0       0       0       0       0       0       0
      Totals:        12       0       0       0       0       0       0       0       0
Total ram usage:       12 bytes
 Hardware stack levels used:    1
 This function calls:
		Nothing
 This function is called by:
		_roundf
 This function uses a non-reentrant model


 *************** function _USART_SendString *****************
 Defined at:
		line 51 in file "USART_Source_File.c"
 Parameters:    Size  Location     Type
  out             2    1[COMRAM] PTR const unsigned char 
		 -> STR_5(2), STR_4(6), STR_3(5), STR_2(9), 
		 -> STR_1(8), 
 Auto vars:     Size  Location     Type
		None
 Return value:  Size  Location     Type
                  1    wreg      void 
 Registers used:
		wreg, status,2, status,0, tblptrl, tblptrh, tblptru, cstack
 Tracked objects:
		On entry : 
		On exit  : 
		Unchanged: 
 Data sizes:     COMRAM   BANK0   BANK1   BANK2   BANK3   BANK4   BANK5   BANK6   BANK7
      Params:         2       0       0       0       0       0       0       0       0
      Locals:         0       0       0       0       0       0       0       0       0
      Temps:          0       0       0       0       0       0       0       0       0
      Totals:         2       0       0       0       0       0       0       0       0
Total ram usage:        2 bytes
 Hardware stack levels used:    1
 Hardware stack levels required when called:    1
 This function calls:
		_USART_TransmitChar
 This function is called by:
		_main
 This function uses a non-reentrant model


 *************** function _USART_TransmitChar *****************
 Defined at:
		line 19 in file "USART_Source_File.c"
 Parameters:    Size  Location     Type
  out             1    wreg     unsigned char 
 Auto vars:     Size  Location     Type
  out             1    0[COMRAM] unsigned char 
 Return value:  Size  Location     Type
                  1    wreg      void 
 Registers used:
		wreg
 Tracked objects:
		On entry : 
		On exit  : 
		Unchanged: 
 Data sizes:     COMRAM   BANK0   BANK1   BANK2   BANK3   BANK4   BANK5   BANK6   BANK7
      Params:         0       0       0       0       0       0       0       0       0
      Locals:         1       0       0       0       0       0       0       0       0
      Temps:          0       0       0       0       0       0       0       0       0
      Totals:         1       0       0       0       0       0       0       0       0
Total ram usage:        1 bytes
 Hardware stack levels used:    1
 This function calls:
		Nothing
 This function is called by:
		_USART_SendString
 This function uses a non-reentrant model


 *************** function _USART_ReceiveChar *****************
 Defined at:
		line 26 in file "USART_Source_File.c"
 Parameters:    Size  Location     Type
		None
 Auto vars:     Size  Location     Type
		None
 Return value:  Size  Location     Type
                  1    wreg      unsigned char 
 Registers used:
		wreg, status,2
 Tracked objects:
		On entry : 
		On exit  : 
		Unchanged: 
 Data sizes:     COMRAM   BANK0   BANK1   BANK2   BANK3   BANK4   BANK5   BANK6   BANK7
      Params:         0       0       0       0       0       0       0       0       0
      Locals:         0       0       0       0       0       0       0       0       0
      Temps:          0       0       0       0       0       0       0       0       0
      Totals:         0       0       0       0       0       0       0       0       0
Total ram usage:        0 bytes
 Hardware stack levels used:    1
 This function calls:
		Nothing
 This function is called by:
		_main
		_UARTReadString
 This function uses a non-reentrant model


 *************** function _USART_Init *****************
 Defined at:
		line 8 in file "USART_Source_File.c"
 Parameters:    Size  Location     Type
  baud_rate       4    0[BANK0 ] long 
 Auto vars:     Size  Location     Type
  temp            4    4[BANK0 ] float 
 Return value:  Size  Location     Type
                  1    wreg      void 
 Registers used:
		wreg, status,2, status,0, cstack
 Tracked objects:
		On entry : 
		On exit  : 
		Unchanged: 
 Data sizes:     COMRAM   BANK0   BANK1   BANK2   BANK3   BANK4   BANK5   BANK6   BANK7
      Params:         0       4       0       0       0       0       0       0       0
      Locals:         0       4       0       0       0       0       0       0       0
      Temps:          0       0       0       0       0       0       0       0       0
      Totals:         0       8       0       0       0       0       0       0       0
Total ram usage:        8 bytes
 Hardware stack levels used:    1
 Hardware stack levels required when called:    1
 This function calls:
		___fladd
		___fldiv
		___fltol
		___xxtofl
 This function is called by:
		_main
 This function uses a non-reentrant model


 *************** function _SetDutyCycleTo *****************
 Defined at:
		line 65 in file "HC-05_Module.c"
 Parameters:    Size  Location     Type
  Duty_cycle      4    0[BANK0 ] float 
  Period          2    4[BANK0 ] int 
 Auto vars:     Size  Location     Type
  PWM10BitValu    2   12[BANK0 ] int 
 Return value:  Size  Location     Type
                  1    wreg      void 
 Registers used:
		wreg, status,2, status,0, prodl, prodh, cstack
 Tracked objects:
		On entry : 
		On exit  : 
		Unchanged: 
 Data sizes:     COMRAM   BANK0   BANK1   BANK2   BANK3   BANK4   BANK5   BANK6   BANK7
      Params:         0       6       0       0       0       0       0       0       0
      Locals:         0       6       0       0       0       0       0       0       0
      Temps:          0       2       0       0       0       0       0       0       0
      Totals:         0      14       0       0       0       0       0       0       0
Total ram usage:       14 bytes
 Hardware stack levels used:    1
 Hardware stack levels required when called:    1
 This function calls:
		___fladd
		___fldiv
		___flmul
		___fltol
		___xxtofl
 This function is called by:
		_main
 This function uses a non-reentrant model


 *************** function ___xxtofl *****************
 Defined at:
		line 10 in file "C:\Program Files (x86)\Microchip\xc8\v2.00\pic\sources\c99\common\xxtofl.c"
 Parameters:    Size  Location     Type
  sign            1    wreg     unsigned char 
  val             4    0[COMRAM] long 
 Auto vars:     Size  Location     Type
  sign            1    8[COMRAM] unsigned char 
  arg             4   10[COMRAM] unsigned long 
  exp             1    9[COMRAM] unsigned char 
 Return value:  Size  Location     Type
                  4    0[COMRAM] unsigned char 
 Registers used:
		wreg, status,2, status,0
 Tracked objects:
		On entry : 
		On exit  : 
		Unchanged: 
 Data sizes:     COMRAM   BANK0   BANK1   BANK2   BANK3   BANK4   BANK5   BANK6   BANK7
      Params:         4       0       0       0       0       0       0       0       0
      Locals:         6       0       0       0       0       0       0       0       0
      Temps:          4       0       0       0       0       0       0       0       0
      Totals:        14       0       0       0       0       0       0       0       0
Total ram usage:       14 bytes
 Hardware stack levels used:    1
 This function calls:
		Nothing
 This function is called by:
		_setPeriodTo
		_SetDutyCycleTo
		_USART_Init
 This function uses a non-reentrant model


 *************** function ___fltol *****************
 Defined at:
		line 43 in file "C:\Program Files (x86)\Microchip\xc8\v2.00\pic\sources\c99\common\fltol.c"
 Parameters:    Size  Location     Type
  f1              4   84[COMRAM] unsigned char 
 Auto vars:     Size  Location     Type
  exp1            1   93[COMRAM] unsigned char 
  sign1           1   92[COMRAM] unsigned char 
 Return value:  Size  Location     Type
                  4   84[COMRAM] long 
 Registers used:
		wreg, status,2, status,0
 Tracked objects:
		On entry : 
		On exit  : 
		Unchanged: 
 Data sizes:     COMRAM   BANK0   BANK1   BANK2   BANK3   BANK4   BANK5   BANK6   BANK7
      Params:         4       0       0       0       0       0       0       0       0
      Locals:         2       0       0       0       0       0       0       0       0
      Temps:          4       0       0       0       0       0       0       0       0
      Totals:        10       0       0       0       0       0       0       0       0
Total ram usage:       10 bytes
 Hardware stack levels used:    1
 This function calls:
		Nothing
 This function is called by:
		_setPeriodTo
		_SetDutyCycleTo
		_USART_Init
 This function uses a non-reentrant model


 *************** function ___flmul *****************
 Defined at:
		line 8 in file "C:\Program Files (x86)\Microchip\xc8\v2.00\pic\sources\c99\common\sprcmul.c"
 Parameters:    Size  Location     Type
  b               4   14[COMRAM] long 
  a               4   18[COMRAM] long 
 Auto vars:     Size  Location     Type
  prod            4   33[COMRAM] struct .
  grs             4   27[COMRAM] unsigned long 
  temp            2   37[COMRAM] struct .
  bexp            1   32[COMRAM] unsigned char 
  aexp            1   31[COMRAM] unsigned char 
  sign            1   26[COMRAM] unsigned char 
 Return value:  Size  Location     Type
                  4   14[COMRAM] unsigned char 
 Registers used:
		wreg, status,2, status,0, prodl, prodh
 Tracked objects:
		On entry : 
		On exit  : 
		Unchanged: 
 Data sizes:     COMRAM   BANK0   BANK1   BANK2   BANK3   BANK4   BANK5   BANK6   BANK7
      Params:         8       0       0       0       0       0       0       0       0
      Locals:        13       0       0       0       0       0       0       0       0
      Temps:          4       0       0       0       0       0       0       0       0
      Totals:        25       0       0       0       0       0       0       0       0
Total ram usage:       25 bytes
 Hardware stack levels used:    1
 This function calls:
		Nothing
 This function is called by:
		_setPeriodTo
		_SetDutyCycleTo
		_roundf
 This function uses a non-reentrant model


 *************** function ___fldiv *****************
 Defined at:
		line 11 in file "C:\Program Files (x86)\Microchip\xc8\v2.00\pic\sources\c99\common\sprcdiv.c"
 Parameters:    Size  Location     Type
  b               4   39[COMRAM] unsigned char 
  a               4   43[COMRAM] unsigned char 
 Auto vars:     Size  Location     Type
  grs             4   58[COMRAM] unsigned long 
  rem             4   51[COMRAM] unsigned long 
  new_exp         2   56[COMRAM] short 
  aexp            1   63[COMRAM] unsigned char 
  bexp            1   62[COMRAM] unsigned char 
  sign            1   55[COMRAM] unsigned char 
 Return value:  Size  Location     Type
                  4   39[COMRAM] unsigned char 
 Registers used:
		wreg, status,2, status,0
 Tracked objects:
		On entry : 
		On exit  : 
		Unchanged: 
 Data sizes:     COMRAM   BANK0   BANK1   BANK2   BANK3   BANK4   BANK5   BANK6   BANK7
      Params:         8       0       0       0       0       0       0       0       0
      Locals:        13       0       0       0       0       0       0       0       0
      Temps:          4       0       0       0       0       0       0       0       0
      Totals:        25       0       0       0       0       0       0       0       0
Total ram usage:       25 bytes
 Hardware stack levels used:    1
 This function calls:
		Nothing
 This function is called by:
		_setPeriodTo
		_SetDutyCycleTo
		_USART_Init
 This function uses a non-reentrant model


 *************** function ___fladd *****************
 Defined at:
		line 10 in file "C:\Program Files (x86)\Microchip\xc8\v2.00\pic\sources\c99\common\sprcadd.c"
 Parameters:    Size  Location     Type
  b               4   64[COMRAM] unsigned char 
  a               4   68[COMRAM] unsigned char 
 Auto vars:     Size  Location     Type
  grs             1   83[COMRAM] unsigned char 
  bexp            1   82[COMRAM] unsigned char 
  aexp            1   81[COMRAM] unsigned char 
  signs           1   80[COMRAM] unsigned char 
 Return value:  Size  Location     Type
                  4   64[COMRAM] unsigned char 
 Registers used:
		wreg, status,2, status,0
 Tracked objects:
		On entry : 
		On exit  : 
		Unchanged: 
 Data sizes:     COMRAM   BANK0   BANK1   BANK2   BANK3   BANK4   BANK5   BANK6   BANK7
      Params:         8       0       0       0       0       0       0       0       0
      Locals:         4       0       0       0       0       0       0       0       0
      Temps:          8       0       0       0       0       0       0       0       0
      Totals:        20       0       0       0       0       0       0       0       0
Total ram usage:       20 bytes
 Hardware stack levels used:    1
 This function calls:
		Nothing
 This function is called by:
		_setPeriodTo
		_SetDutyCycleTo
		_USART_Init
		_roundf
 This function uses a non-reentrant model


 *************** function _PWM_Init *****************
 Defined at:
		line 29 in file "HC-05_Module.c"
 Parameters:    Size  Location     Type
		None
 Auto vars:     Size  Location     Type
		None
 Return value:  Size  Location     Type
                  1    wreg      void 
 Registers used:
		wreg, status,2
 Tracked objects:
		On entry : 
		On exit  : 
		Unchanged: 
 Data sizes:     COMRAM   BANK0   BANK1   BANK2   BANK3   BANK4   BANK5   BANK6   BANK7
      Params:         0       0       0       0       0       0       0       0       0
      Locals:         0       0       0       0       0       0       0       0       0
      Temps:          0       0       0       0       0       0       0       0       0
      Totals:         0       0       0       0       0       0       0       0       0
Total ram usage:        0 bytes
 Hardware stack levels used:    1
 This function calls:
		Nothing
 This function is called by:
		_main
 This function uses a non-reentrant model


 *************** function _MSdelay *****************
 Defined at:
		line 61 in file "USART_Source_File.c"
 Parameters:    Size  Location     Type
  val             2    0[COMRAM] unsigned int 
 Auto vars:     Size  Location     Type
  j               2    4[COMRAM] unsigned int 
  i               2    2[COMRAM] unsigned int 
 Return value:  Size  Location     Type
                  1    wreg      void 
 Registers used:
		wreg, status,2, status,0
 Tracked objects:
		On entry : 
		On exit  : 
		Unchanged: 
 Data sizes:     COMRAM   BANK0   BANK1   BANK2   BANK3   BANK4   BANK5   BANK6   BANK7
      Params:         2       0       0       0       0       0       0       0       0
      Locals:         4       0       0       0       0       0       0       0       0
      Temps:          0       0       0       0       0       0       0       0       0
      Totals:         6       0       0       0       0       0       0       0       0
Total ram usage:        6 bytes
 Hardware stack levels used:    1
 This function calls:
		Nothing
 This function is called by:
		_main
 This function uses a non-reentrant model


 *************** function _GetBitValue *****************
 Defined at:
		line 74 in file "HC-05_Module.c"
 Parameters:    Size  Location     Type
  n               2    0[COMRAM] int 
  bitPosition     2    2[COMRAM] int 
 Auto vars:     Size  Location     Type
		None
 Return value:  Size  Location     Type
                  1    wreg      _Bool 
 Registers used:
		wreg, status,2, status,0
 Tracked objects:
		On entry : 
		On exit  : 
		Unchanged: 
 Data sizes:     COMRAM   BANK0   BANK1   BANK2   BANK3   BANK4   BANK5   BANK6   BANK7
      Params:         4       0       0       0       0       0       0       0       0
      Locals:         0       0       0       0       0       0       0       0       0
      Temps:          3       0       0       0       0       0       0       0       0
      Totals:         7       0       0       0       0       0       0       0       0
Total ram usage:        7 bytes
 Hardware stack levels used:    1
 This function calls:
		Nothing
 This function is called by:
		_main
 This function uses a non-reentrant model



MODULE INFORMATION

Module		Function		Class		Link	Load	Size
C:\Program Files (x86)\Microchip\xc8\v2.00\pic\sources\c99\common\sprcmul.c
		___flmul       		CODE           	0BA2	0000	849

C:\Program Files (x86)\Microchip\xc8\v2.00\pic\sources\c99\common\sprcmul.c estimated size: 849

C:\Program Files (x86)\Microchip\xc8\v2.00\pic\sources\c99\common\roundf.c
		_roundf        		CODE           	0824	0000	895

C:\Program Files (x86)\Microchip\xc8\v2.00\pic\sources\c99\common\roundf.c estimated size: 895

C:\Program Files (x86)\Microchip\xc8\v2.00\pic\sources\c99\common\sprcdiv.c
		___fldiv       		CODE           	1544	0000	697

C:\Program Files (x86)\Microchip\xc8\v2.00\pic\sources\c99\common\sprcdiv.c estimated size: 697

USART_Source_File.c
		_USART_TransmitChar		CODE           	1F3A	0000	13
		_USART_ReceiveChar		CODE           	1F46	0000	9
		_MSdelay       		CODE           	1E6E	0000	55
		_USART_SendString		CODE           	1ED2	0000	43
		_USART_Init    		CODE           	1DDA	0000	149

USART_Source_File.c estimated size: 269

C:\Program Files (x86)\Microchip\xc8\v2.00\pic\sources\c99\common\xxtofl.c
		___xxtofl      		CODE           	199E	0000	321

C:\Program Files (x86)\Microchip\xc8\v2.00\pic\sources\c99\common\xxtofl.c estimated size: 321

C:\Program Files (x86)\Microchip\xc8\v2.00\pic\sources\c99\common\flge.c
		___flge        		CODE           	1ADE	0000	289

C:\Program Files (x86)\Microchip\xc8\v2.00\pic\sources\c99\common\flge.c estimated size: 289

C:\Program Files (x86)\Microchip\xc8\v2.00\pic\sources\c99\common\sprcadd.c
		___fladd       		CODE           	0EF2	0000	827

C:\Program Files (x86)\Microchip\xc8\v2.00\pic\sources\c99\common\sprcadd.c estimated size: 827

shared
		__initialization		CODE           	1F22	0000	11
		_toint         		SMALLCONST     	0801	0000	5

shared estimated size: 16

C:\Program Files (x86)\Microchip\xc8\v2.00\pic\sources\c99\common\fltol.c
		___fltol       		CODE           	1CFE	0000	221

C:\Program Files (x86)\Microchip\xc8\v2.00\pic\sources\c99\common\fltol.c estimated size: 221

HC-05_Module.c
		_setPeriodTo   		CODE           	122C	0000	793
		_main          		CODE           	17FC	0000	419
		_SetDutyCycleTo		CODE           	1BFE	0000	257
		_GetBitValue   		CODE           	1EFC	0000	39
		_PWM_Init      		CODE           	1F4E	0000	9

HC-05_Module.c estimated size: 1517

C:\Program Files (x86)\Microchip\xc8\v2.00\pic\sources\c99\common\flneg.c
		___flneg       		CODE           	1EA4	0000	47

C:\Program Files (x86)\Microchip\xc8\v2.00\pic\sources\c99\common\flneg.c estimated size: 47

